# Web Mercator XYZ tile math: lat/lon  x/y at zoom; quadkey
# encode/decode round-trip; bbox JSON; polar clamp at zoom 5
# (latitudes outside +/-85.05 clamp to pole tile).
301
385
0
0
-74.1797
40.714
213
<empty>
00000
{"x":3,"y":5,"z":3}
{"x":0,"y":0,"z":5}
<NULL>
<NULL>
{"west":-180,"south":-85.0511287798066,"east":180,"north":85.0511287798066}
0
31
