# Port of SQLite ext/misc/completion.c vtab. Phases 1-4 (keyword,
# pragma, function, collation) covered; phases 5-7 (database, table,
# column) would need schema introspection via spi (deferred T-41).
# Total candidate count = 148 keywords + 60 pragmas + 88 functions
# + 3 collations = 299. Prefix filter is case-insensitive.
299
SELECT
SELECT
COLLATE
COLUMN
COMMIT
CONFLICT
CONSTRAINT
SELECT|1
table_info|2
NOCASE|4
1|5
2|4
3|2
0
